// Jest Snapshot v1, https://goo.gl/fbAQLP

exports[`Renders the main page should render Home component for root path 1`] = `
<div>
  Loading...
</div>
`;
